// 同步 ID: 591e6923 @ Fri Jul 24 07:05:24 UTC 2026
// 同步 ID: ffc76e45 @ Fri Jul 24 16:14:40 UTC 2026
// 重构日志: 48a649f9
// 重构日志: d137ff22
// 重构日志: 88563092
// 重构日志: a8fc95f9
// 重构日志: 126f6c57
// 重构日志: 62bcc935
// 同步 ID: 6097ea47 @ Wed Jul 29 00:01:39 UTC 2026
// 重构日志: b83ed855
// 同步 ID: 5bf45420 @ Wed Jul 29 13:15:01 UTC 2026
// 同步 ID: e944aa1d @ Thu Jul 30 10:34:49 UTC 2026
// 同步 ID: 13a62ccc @ Thu Jul 30 12:24:57 UTC 2026
// 重构日志: ba27deb9
// 重构日志: 9b23daa3
// 重构日志: 5d48fa09
// 重构日志: cb35875b
// 重构日志: ee2a43b6
// 同步 ID: 1b88f6a1 @ Tue Aug  4 06:45:43 UTC 2026
// 同步 ID: 22a68344 @ Wed Aug  5 10:32:20 UTC 2026
// 重构日志: 95de62b3
// 重构日志: 3864d295
// 同步 ID: 317c68d4 @ Fri Aug  7 13:52:26 UTC 2026
// 同步 ID: 507547ce @ Fri Aug  7 15:50:39 UTC 2026
// 重构日志: a128cf68
// 同步 ID: ea4e443e @ Fri Aug  7 23:12:03 UTC 2026
// 重构日志: 28a07598
// 同步 ID: 531abb52 @ Sat Aug  8 04:35:08 UTC 2026
// 重构日志: 5fa16413
// 同步 ID: c8d83e4d @ Sat Aug  8 13:18:26 UTC 2026
